// Jest Snapshot v1, https://goo.gl/fbAQLP

exports[`pruebas en GifExpertApp.js should match the snapshot 1`] = `
<Fragment>
  <h2>
    GifExpertApp
  </h2>
  <AddCategory
    setCategories={[Function]}
  />
  <hr />
  <div />
</Fragment>
`;
