// Jest Snapshot v1, https://goo.gl/fbAQLP

exports[`Pruebas en AddCategory.js should show perfectly 1`] = `
<form
  onSubmit={[Function]}
>
  <input
    onChange={[Function]}
    placeholder="Agregar CategorÃ­a"
    value=""
  />
</form>
`;
