// Jest Snapshot v1, https://goo.gl/fbAQLP

exports[`Pruebas en GifGridItem should show the component 1`] = `
<div
  className="card animate__animated animate__fadeInLeft"
>
  <img
    alt="Hola"
    src="https://r34663.jpg"
  />
  <p>
    Hola
  </p>
</div>
`;
